/usr/local/lib/python3.12/dist-packages/fpdf/__init__.py:40: UserWarning: You have both PyFPDF & fpdf2 installed. Both packages cannot be installed at the same time as they share the same module namespace. To only keep fpdf2, run: pip uninstall --yes pypdf && pip install --upgrade fpdf2
  warnings.warn(
/usr/local/lib/python3.12/dist-packages/pydantic/_internal/_config.py:386: UserWarning: Valid config keys have changed in V2:
* 'orm_mode' has been renamed to 'from_attributes'
  warnings.warn(message, UserWarning)
/usr/local/lib/python3.12/dist-packages/pydantic/_internal/_config.py:386: UserWarning: Valid config keys have changed in V2:
* 'orm_mode' has been renamed to 'from_attributes'
  warnings.warn(message, UserWarning)
/usr/local/lib/python3.12/dist-packages/pydantic/_internal/_config.py:386: UserWarning: Valid config keys have changed in V2:
* 'orm_mode' has been renamed to 'from_attributes'
  warnings.warn(message, UserWarning)
/usr/local/lib/python3.12/dist-packages/pydantic/_internal/_config.py:386: UserWarning: Valid config keys have changed in V2:
* 'orm_mode' has been renamed to 'from_attributes'
  warnings.warn(message, UserWarning)
INFO:     Started server process [3330]
INFO:     Waiting for application startup.
INFO:     Application startup complete.
INFO:     Uvicorn running on http://0.0.0.0:8000 (Press CTRL+C to quit)
⚠️ Migration Notice (Safe to ignore if columns exist): (sqlite3.OperationalError) near "EXISTS": syntax error
[SQL: ALTER TABLE users ADD COLUMN IF NOT EXISTS deposit_wallet_balance FLOAT DEFAULT 0.0]
(Background on this error at: https://sqlalche.me/e/20/e3q8)
INFO:     127.0.0.1:47468 - "POST /auth/login HTTP/1.1" 401 Unauthorized
INFO:     127.0.0.1:47478 - "POST /auth/login HTTP/1.1" 200 OK
INFO:     127.0.0.1:49672 - "POST /auth/login HTTP/1.1" 200 OK
